// Jest Snapshot v1, https://goo.gl/fbAQLP

exports[`renders correctly 1`] = `
<div
  className="ui grid search-field-grid"
>
  <div
    className="center aligned middle aligned twelve wide column"
  >
    <h1
      className="ui center aligned header"
    >
      Reseñas de la pizzería "Las pizzas del Perro Negro"
    </h1>
    <div
      className="ui icon input searchinput"
    >
      <input
        defaultValue="test"
        onChange={[Function]}
        onKeyPress={[Function]}
        placeholder="Enter search string..."
        type="text"
      />
      <i
        aria-hidden="true"
        className="search icon"
      />
    </div>
  </div>
  <div
    className="left aligned top aligned four wide column"
  >
    <div
      className="row"
    >
      <div
        className="ui checkbox"
        onChange={[Function]}
        onClick={[Function]}
        onMouseDown={[Function]}
        onMouseUp={[Function]}
      >
        <input
          checked={false}
          className="hidden"
          readOnly={true}
          tabIndex={0}
          type="checkbox"
        />
        <label>
          Búsqueda de lenguaje natural
        </label>
      </div>
    </div>
    <div
      className="row"
    >
      <div
        className="ui checkbox"
        onChange={[Function]}
        onClick={[Function]}
        onMouseDown={[Function]}
        onMouseUp={[Function]}
      >
        <input
          checked={false}
          className="hidden"
          readOnly={true}
          tabIndex={0}
          type="checkbox"
        />
        <label>
          Passage Search
        </label>
      </div>
    </div>
    <div
      className="row"
    >
      <div
        className="ui checked checkbox"
        onChange={[Function]}
        onClick={[Function]}
        onMouseDown={[Function]}
        onMouseUp={[Function]}
      >
        <input
          checked={true}
          className="hidden"
          readOnly={true}
          tabIndex={0}
          type="checkbox"
        />
        <label>
          Limit to 100 Results
        </label>
      </div>
    </div>
  </div>
</div>
`;
